// Jest Snapshot v1, https://goo.gl/fbAQLP

exports[`Image not visible renders the blur-up thumb 1`] = `
<div style="overflow: hidden; position: relative; width: 100%; max-width: 750px;"><img style="display: block; width: 100%;" src="data:image/svg+xml;base64,PHN2ZyB4bWxucz0iaHR0cDovL3d3dy53My5vcmcvMjAwMC9zdmciIHdpZHRoPSI3NTAiIGhlaWdodD0iNDIxIj48L3N2Zz4=" aria-hidden="true"><img aria-hidden="true" src="data:image/jpeg;base64,<IMAGEDATA>" style="transition: opacity 500ms; opacity: 1; position: absolute; left: -5%; top: -5%; width: 110%; height: auto; max-width: none; max-height: none;">
  <!----><noscript>
    <picture>
      <source srcset="https://www.datocms-assets.com/205/image.png?ar=16%3A9&amp;dpr=0.25&amp;fit=crop&amp;w=750 187w,↵https://www.datocms-assets.com/205/image.png?ar=16%3A9&amp;dpr=0.5&amp;fit=crop&amp;w=750 375w,↵https://www.datocms-assets.com/205/image.png?ar=16%3A9&amp;dpr=0.75&amp;fit=crop&amp;w=750 562w,↵https://www.datocms-assets.com/205/image.png?ar=16%3A9&amp;dpr=1&amp;fit=crop&amp;w=750 750w,↵https://www.datocms-assets.com/205/image.png?ar=16%3A9&amp;dpr=1.5&amp;fit=crop&amp;w=750 1125w,↵https://www.datocms-assets.com/205/image.png?ar=16%3A9&amp;dpr=2&amp;fit=crop&amp;w=750 1500w,↵https://www.datocms-assets.com/205/image.png?ar=16%3A9&amp;dpr=3&amp;fit=crop&amp;w=750 2250w,↵https://www.datocms-assets.com/205/image.png?ar=16%3A9&amp;dpr=4&amp;fit=crop&amp;w=750 3000w" sizes="(max-width: 750px) 100vw, 750px" /><img src="https://www.datocms-assets.com/205/image.png?ar=16%3A9&amp;fit=crop&amp;w=750" alt="DatoCMS swag" title="These are awesome, we know that." style="position: absolute; left: 0px; top: 0px; width: 100%; height: 100%; " loading="lazy" />
    </picture>
  </noscript>
</div>
`;

exports[`Image visible explicit sizes renders correctly 1`] = `
<div style="overflow: hidden; position: relative; width: 100%; max-width: 750px;"><img style="display: block; width: 100%;" src="data:image/svg+xml;base64,PHN2ZyB4bWxucz0iaHR0cDovL3d3dy53My5vcmcvMjAwMC9zdmciIHdpZHRoPSI3NTAiIGhlaWdodD0iNDIxIj48L3N2Zz4=" aria-hidden="true"><img aria-hidden="true" src="data:image/jpeg;base64,<IMAGEDATA>" style="transition: opacity 500ms; opacity: 1; position: absolute; left: -5%; top: -5%; width: 110%; height: auto; max-width: none; max-height: none;">
  <picture>
    <!---->
    <source srcset="https://www.datocms-assets.com/205/image.png?ar=16%3A9&amp;fit=crop&amp;w=750&amp;dpr=0.25 187w,https://www.datocms-assets.com/205/image.png?ar=16%3A9&amp;fit=crop&amp;w=750&amp;dpr=0.5 375w,https://www.datocms-assets.com/205/image.png?ar=16%3A9&amp;fit=crop&amp;w=750&amp;dpr=0.75 562w,https://www.datocms-assets.com/205/image.png?ar=16%3A9&amp;fit=crop&amp;w=750 750w,https://www.datocms-assets.com/205/image.png?ar=16%3A9&amp;fit=crop&amp;w=750&amp;dpr=1.5 1125w,https://www.datocms-assets.com/205/image.png?ar=16%3A9&amp;fit=crop&amp;w=750&amp;dpr=2 1500w,https://www.datocms-assets.com/205/image.png?ar=16%3A9&amp;fit=crop&amp;w=750&amp;dpr=3 2250w,https://www.datocms-assets.com/205/image.png?ar=16%3A9&amp;fit=crop&amp;w=750&amp;dpr=4 3000w" sizes="(max-width: 600px) 200px, 50vw"><img src="https://www.datocms-assets.com/205/image.png?ar=16%3A9&amp;fit=crop&amp;w=750" style="opacity: 0; transition: opacity 500ms; position: absolute; left: 0px; top: 0px; width: 100%; height: 100%;">
  </picture><noscript>
    <picture>
      <source srcset="https://www.datocms-assets.com/205/image.png?ar=16%3A9&amp;fit=crop&amp;w=750&amp;dpr=0.25 187w,https://www.datocms-assets.com/205/image.png?ar=16%3A9&amp;fit=crop&amp;w=750&amp;dpr=0.5 375w,https://www.datocms-assets.com/205/image.png?ar=16%3A9&amp;fit=crop&amp;w=750&amp;dpr=0.75 562w,https://www.datocms-assets.com/205/image.png?ar=16%3A9&amp;fit=crop&amp;w=750 750w,https://www.datocms-assets.com/205/image.png?ar=16%3A9&amp;fit=crop&amp;w=750&amp;dpr=1.5 1125w,https://www.datocms-assets.com/205/image.png?ar=16%3A9&amp;fit=crop&amp;w=750&amp;dpr=2 1500w,https://www.datocms-assets.com/205/image.png?ar=16%3A9&amp;fit=crop&amp;w=750&amp;dpr=3 2250w,https://www.datocms-assets.com/205/image.png?ar=16%3A9&amp;fit=crop&amp;w=750&amp;dpr=4 3000w" sizes="(max-width: 600px) 200px, 50vw" /><img src="https://www.datocms-assets.com/205/image.png?ar=16%3A9&amp;fit=crop&amp;w=750" style="position: absolute; left: 0px; top: 0px; width: 100%; height: 100%; " loading="lazy" />
    </picture>
  </noscript>
</div>
`;

exports[`Image visible image loaded shows the image 1`] = `
<div style="overflow: hidden; position: relative; width: 100%; max-width: 750px;"><img style="display: block; width: 100%;" src="data:image/svg+xml;base64,PHN2ZyB4bWxucz0iaHR0cDovL3d3dy53My5vcmcvMjAwMC9zdmciIHdpZHRoPSI3NTAiIGhlaWdodD0iNDIxIj48L3N2Zz4=" aria-hidden="true"><img aria-hidden="true" src="data:image/jpeg;base64,<IMAGEDATA>" style="transition: opacity 500ms; opacity: 1; position: absolute; left: -5%; top: -5%; width: 110%; height: auto; max-width: none; max-height: none;">
  <picture>
    <!---->
    <source srcset="https://www.datocms-assets.com/205/image.png?ar=16%3A9&amp;dpr=0.25&amp;fit=crop&amp;w=750 187w,↵https://www.datocms-assets.com/205/image.png?ar=16%3A9&amp;dpr=0.5&amp;fit=crop&amp;w=750 375w,↵https://www.datocms-assets.com/205/image.png?ar=16%3A9&amp;dpr=0.75&amp;fit=crop&amp;w=750 562w,↵https://www.datocms-assets.com/205/image.png?ar=16%3A9&amp;dpr=1&amp;fit=crop&amp;w=750 750w,↵https://www.datocms-assets.com/205/image.png?ar=16%3A9&amp;dpr=1.5&amp;fit=crop&amp;w=750 1125w,↵https://www.datocms-assets.com/205/image.png?ar=16%3A9&amp;dpr=2&amp;fit=crop&amp;w=750 1500w,↵https://www.datocms-assets.com/205/image.png?ar=16%3A9&amp;dpr=3&amp;fit=crop&amp;w=750 2250w,↵https://www.datocms-assets.com/205/image.png?ar=16%3A9&amp;dpr=4&amp;fit=crop&amp;w=750 3000w" sizes="(max-width: 750px) 100vw, 750px"><img src="https://www.datocms-assets.com/205/image.png?ar=16%3A9&amp;fit=crop&amp;w=750" alt="DatoCMS swag" title="These are awesome, we know that." style="opacity: 0; transition: opacity 500ms; position: absolute; left: 0px; top: 0px; width: 100%; height: 100%;">
  </picture><noscript>
    <picture>
      <source srcset="https://www.datocms-assets.com/205/image.png?ar=16%3A9&amp;dpr=0.25&amp;fit=crop&amp;w=750 187w,↵https://www.datocms-assets.com/205/image.png?ar=16%3A9&amp;dpr=0.5&amp;fit=crop&amp;w=750 375w,↵https://www.datocms-assets.com/205/image.png?ar=16%3A9&amp;dpr=0.75&amp;fit=crop&amp;w=750 562w,↵https://www.datocms-assets.com/205/image.png?ar=16%3A9&amp;dpr=1&amp;fit=crop&amp;w=750 750w,↵https://www.datocms-assets.com/205/image.png?ar=16%3A9&amp;dpr=1.5&amp;fit=crop&amp;w=750 1125w,↵https://www.datocms-assets.com/205/image.png?ar=16%3A9&amp;dpr=2&amp;fit=crop&amp;w=750 1500w,↵https://www.datocms-assets.com/205/image.png?ar=16%3A9&amp;dpr=3&amp;fit=crop&amp;w=750 2250w,↵https://www.datocms-assets.com/205/image.png?ar=16%3A9&amp;dpr=4&amp;fit=crop&amp;w=750 3000w" sizes="(max-width: 750px) 100vw, 750px" /><img src="https://www.datocms-assets.com/205/image.png?ar=16%3A9&amp;fit=crop&amp;w=750" alt="DatoCMS swag" title="These are awesome, we know that." style="position: absolute; left: 0px; top: 0px; width: 100%; height: 100%; " loading="lazy" />
    </picture>
  </noscript>
</div>
`;

exports[`Image visible layout property layout=fill renders the image 1`] = `
<div style="overflow: hidden; position: absolute; left: 0px; top: 0px; width: 100%; height: 100%;">
  <!----><img aria-hidden="true" src="data:image/jpeg;base64,<IMAGEDATA>" style="transition: opacity 500ms; opacity: 1; position: absolute; left: -5%; top: -5%; width: 110%; height: auto; max-width: none; max-height: none;">
  <picture>
    <!---->
    <source srcset="https://www.datocms-assets.com/205/image.png?ar=16%3A9&amp;dpr=0.25&amp;fit=crop&amp;w=750 187w,↵https://www.datocms-assets.com/205/image.png?ar=16%3A9&amp;dpr=0.5&amp;fit=crop&amp;w=750 375w,↵https://www.datocms-assets.com/205/image.png?ar=16%3A9&amp;dpr=0.75&amp;fit=crop&amp;w=750 562w,↵https://www.datocms-assets.com/205/image.png?ar=16%3A9&amp;dpr=1&amp;fit=crop&amp;w=750 750w,↵https://www.datocms-assets.com/205/image.png?ar=16%3A9&amp;dpr=1.5&amp;fit=crop&amp;w=750 1125w,↵https://www.datocms-assets.com/205/image.png?ar=16%3A9&amp;dpr=2&amp;fit=crop&amp;w=750 1500w,↵https://www.datocms-assets.com/205/image.png?ar=16%3A9&amp;dpr=3&amp;fit=crop&amp;w=750 2250w,↵https://www.datocms-assets.com/205/image.png?ar=16%3A9&amp;dpr=4&amp;fit=crop&amp;w=750 3000w" sizes="(max-width: 750px) 100vw, 750px"><img src="https://www.datocms-assets.com/205/image.png?ar=16%3A9&amp;fit=crop&amp;w=750" alt="DatoCMS swag" title="These are awesome, we know that." style="opacity: 0; transition: opacity 500ms; position: absolute; left: 0px; top: 0px; width: 100%; height: 100%;">
  </picture><noscript>
    <picture>
      <source srcset="https://www.datocms-assets.com/205/image.png?ar=16%3A9&amp;dpr=0.25&amp;fit=crop&amp;w=750 187w,↵https://www.datocms-assets.com/205/image.png?ar=16%3A9&amp;dpr=0.5&amp;fit=crop&amp;w=750 375w,↵https://www.datocms-assets.com/205/image.png?ar=16%3A9&amp;dpr=0.75&amp;fit=crop&amp;w=750 562w,↵https://www.datocms-assets.com/205/image.png?ar=16%3A9&amp;dpr=1&amp;fit=crop&amp;w=750 750w,↵https://www.datocms-assets.com/205/image.png?ar=16%3A9&amp;dpr=1.5&amp;fit=crop&amp;w=750 1125w,↵https://www.datocms-assets.com/205/image.png?ar=16%3A9&amp;dpr=2&amp;fit=crop&amp;w=750 1500w,↵https://www.datocms-assets.com/205/image.png?ar=16%3A9&amp;dpr=3&amp;fit=crop&amp;w=750 2250w,↵https://www.datocms-assets.com/205/image.png?ar=16%3A9&amp;dpr=4&amp;fit=crop&amp;w=750 3000w" sizes="(max-width: 750px) 100vw, 750px" /><img src="https://www.datocms-assets.com/205/image.png?ar=16%3A9&amp;fit=crop&amp;w=750" alt="DatoCMS swag" title="These are awesome, we know that." style="position: absolute; left: 0px; top: 0px; width: 100%; height: 100%; " loading="lazy" />
    </picture>
  </noscript>
</div>
`;

exports[`Image visible layout property layout=fixed renders the image 1`] = `
<div style="overflow: hidden; position: relative; width: 750px;"><img style="display: block; width: 100%;" src="data:image/svg+xml;base64,PHN2ZyB4bWxucz0iaHR0cDovL3d3dy53My5vcmcvMjAwMC9zdmciIHdpZHRoPSI3NTAiIGhlaWdodD0iNDIxIj48L3N2Zz4=" aria-hidden="true"><img aria-hidden="true" src="data:image/jpeg;base64,<IMAGEDATA>" style="transition: opacity 500ms; opacity: 1; position: absolute; left: -5%; top: -5%; width: 110%; height: auto; max-width: none; max-height: none;">
  <picture>
    <!---->
    <source srcset="https://www.datocms-assets.com/205/image.png?ar=16%3A9&amp;dpr=0.25&amp;fit=crop&amp;w=750 187w,↵https://www.datocms-assets.com/205/image.png?ar=16%3A9&amp;dpr=0.5&amp;fit=crop&amp;w=750 375w,↵https://www.datocms-assets.com/205/image.png?ar=16%3A9&amp;dpr=0.75&amp;fit=crop&amp;w=750 562w,↵https://www.datocms-assets.com/205/image.png?ar=16%3A9&amp;dpr=1&amp;fit=crop&amp;w=750 750w,↵https://www.datocms-assets.com/205/image.png?ar=16%3A9&amp;dpr=1.5&amp;fit=crop&amp;w=750 1125w,↵https://www.datocms-assets.com/205/image.png?ar=16%3A9&amp;dpr=2&amp;fit=crop&amp;w=750 1500w,↵https://www.datocms-assets.com/205/image.png?ar=16%3A9&amp;dpr=3&amp;fit=crop&amp;w=750 2250w,↵https://www.datocms-assets.com/205/image.png?ar=16%3A9&amp;dpr=4&amp;fit=crop&amp;w=750 3000w" sizes="(max-width: 750px) 100vw, 750px"><img src="https://www.datocms-assets.com/205/image.png?ar=16%3A9&amp;fit=crop&amp;w=750" alt="DatoCMS swag" title="These are awesome, we know that." style="opacity: 0; transition: opacity 500ms; position: absolute; left: 0px; top: 0px; width: 100%; height: 100%;">
  </picture><noscript>
    <picture>
      <source srcset="https://www.datocms-assets.com/205/image.png?ar=16%3A9&amp;dpr=0.25&amp;fit=crop&amp;w=750 187w,↵https://www.datocms-assets.com/205/image.png?ar=16%3A9&amp;dpr=0.5&amp;fit=crop&amp;w=750 375w,↵https://www.datocms-assets.com/205/image.png?ar=16%3A9&amp;dpr=0.75&amp;fit=crop&amp;w=750 562w,↵https://www.datocms-assets.com/205/image.png?ar=16%3A9&amp;dpr=1&amp;fit=crop&amp;w=750 750w,↵https://www.datocms-assets.com/205/image.png?ar=16%3A9&amp;dpr=1.5&amp;fit=crop&amp;w=750 1125w,↵https://www.datocms-assets.com/205/image.png?ar=16%3A9&amp;dpr=2&amp;fit=crop&amp;w=750 1500w,↵https://www.datocms-assets.com/205/image.png?ar=16%3A9&amp;dpr=3&amp;fit=crop&amp;w=750 2250w,↵https://www.datocms-assets.com/205/image.png?ar=16%3A9&amp;dpr=4&amp;fit=crop&amp;w=750 3000w" sizes="(max-width: 750px) 100vw, 750px" /><img src="https://www.datocms-assets.com/205/image.png?ar=16%3A9&amp;fit=crop&amp;w=750" alt="DatoCMS swag" title="These are awesome, we know that." style="position: absolute; left: 0px; top: 0px; width: 100%; height: 100%; " loading="lazy" />
    </picture>
  </noscript>
</div>
`;

exports[`Image visible layout property layout=intrinsic renders the image 1`] = `
<div style="overflow: hidden; position: relative; width: 100%; max-width: 750px;"><img style="display: block; width: 100%;" src="data:image/svg+xml;base64,PHN2ZyB4bWxucz0iaHR0cDovL3d3dy53My5vcmcvMjAwMC9zdmciIHdpZHRoPSI3NTAiIGhlaWdodD0iNDIxIj48L3N2Zz4=" aria-hidden="true"><img aria-hidden="true" src="data:image/jpeg;base64,<IMAGEDATA>" style="transition: opacity 500ms; opacity: 1; position: absolute; left: -5%; top: -5%; width: 110%; height: auto; max-width: none; max-height: none;">
  <picture>
    <!---->
    <source srcset="https://www.datocms-assets.com/205/image.png?ar=16%3A9&amp;dpr=0.25&amp;fit=crop&amp;w=750 187w,↵https://www.datocms-assets.com/205/image.png?ar=16%3A9&amp;dpr=0.5&amp;fit=crop&amp;w=750 375w,↵https://www.datocms-assets.com/205/image.png?ar=16%3A9&amp;dpr=0.75&amp;fit=crop&amp;w=750 562w,↵https://www.datocms-assets.com/205/image.png?ar=16%3A9&amp;dpr=1&amp;fit=crop&amp;w=750 750w,↵https://www.datocms-assets.com/205/image.png?ar=16%3A9&amp;dpr=1.5&amp;fit=crop&amp;w=750 1125w,↵https://www.datocms-assets.com/205/image.png?ar=16%3A9&amp;dpr=2&amp;fit=crop&amp;w=750 1500w,↵https://www.datocms-assets.com/205/image.png?ar=16%3A9&amp;dpr=3&amp;fit=crop&amp;w=750 2250w,↵https://www.datocms-assets.com/205/image.png?ar=16%3A9&amp;dpr=4&amp;fit=crop&amp;w=750 3000w" sizes="(max-width: 750px) 100vw, 750px"><img src="https://www.datocms-assets.com/205/image.png?ar=16%3A9&amp;fit=crop&amp;w=750" alt="DatoCMS swag" title="These are awesome, we know that." style="opacity: 0; transition: opacity 500ms; position: absolute; left: 0px; top: 0px; width: 100%; height: 100%;">
  </picture><noscript>
    <picture>
      <source srcset="https://www.datocms-assets.com/205/image.png?ar=16%3A9&amp;dpr=0.25&amp;fit=crop&amp;w=750 187w,↵https://www.datocms-assets.com/205/image.png?ar=16%3A9&amp;dpr=0.5&amp;fit=crop&amp;w=750 375w,↵https://www.datocms-assets.com/205/image.png?ar=16%3A9&amp;dpr=0.75&amp;fit=crop&amp;w=750 562w,↵https://www.datocms-assets.com/205/image.png?ar=16%3A9&amp;dpr=1&amp;fit=crop&amp;w=750 750w,↵https://www.datocms-assets.com/205/image.png?ar=16%3A9&amp;dpr=1.5&amp;fit=crop&amp;w=750 1125w,↵https://www.datocms-assets.com/205/image.png?ar=16%3A9&amp;dpr=2&amp;fit=crop&amp;w=750 1500w,↵https://www.datocms-assets.com/205/image.png?ar=16%3A9&amp;dpr=3&amp;fit=crop&amp;w=750 2250w,↵https://www.datocms-assets.com/205/image.png?ar=16%3A9&amp;dpr=4&amp;fit=crop&amp;w=750 3000w" sizes="(max-width: 750px) 100vw, 750px" /><img src="https://www.datocms-assets.com/205/image.png?ar=16%3A9&amp;fit=crop&amp;w=750" alt="DatoCMS swag" title="These are awesome, we know that." style="position: absolute; left: 0px; top: 0px; width: 100%; height: 100%; " loading="lazy" />
    </picture>
  </noscript>
</div>
`;

exports[`Image visible layout property layout=responsive renders the image 1`] = `
<div style="overflow: hidden; position: relative; width: 100%;"><img style="display: block; width: 100%;" src="data:image/svg+xml;base64,PHN2ZyB4bWxucz0iaHR0cDovL3d3dy53My5vcmcvMjAwMC9zdmciIHdpZHRoPSI3NTAiIGhlaWdodD0iNDIxIj48L3N2Zz4=" aria-hidden="true"><img aria-hidden="true" src="data:image/jpeg;base64,<IMAGEDATA>" style="transition: opacity 500ms; opacity: 1; position: absolute; left: -5%; top: -5%; width: 110%; height: auto; max-width: none; max-height: none;">
  <picture>
    <!---->
    <source srcset="https://www.datocms-assets.com/205/image.png?ar=16%3A9&amp;dpr=0.25&amp;fit=crop&amp;w=750 187w,↵https://www.datocms-assets.com/205/image.png?ar=16%3A9&amp;dpr=0.5&amp;fit=crop&amp;w=750 375w,↵https://www.datocms-assets.com/205/image.png?ar=16%3A9&amp;dpr=0.75&amp;fit=crop&amp;w=750 562w,↵https://www.datocms-assets.com/205/image.png?ar=16%3A9&amp;dpr=1&amp;fit=crop&amp;w=750 750w,↵https://www.datocms-assets.com/205/image.png?ar=16%3A9&amp;dpr=1.5&amp;fit=crop&amp;w=750 1125w,↵https://www.datocms-assets.com/205/image.png?ar=16%3A9&amp;dpr=2&amp;fit=crop&amp;w=750 1500w,↵https://www.datocms-assets.com/205/image.png?ar=16%3A9&amp;dpr=3&amp;fit=crop&amp;w=750 2250w,↵https://www.datocms-assets.com/205/image.png?ar=16%3A9&amp;dpr=4&amp;fit=crop&amp;w=750 3000w" sizes="(max-width: 750px) 100vw, 750px"><img src="https://www.datocms-assets.com/205/image.png?ar=16%3A9&amp;fit=crop&amp;w=750" alt="DatoCMS swag" title="These are awesome, we know that." style="opacity: 0; transition: opacity 500ms; position: absolute; left: 0px; top: 0px; width: 100%; height: 100%;">
  </picture><noscript>
    <picture>
      <source srcset="https://www.datocms-assets.com/205/image.png?ar=16%3A9&amp;dpr=0.25&amp;fit=crop&amp;w=750 187w,↵https://www.datocms-assets.com/205/image.png?ar=16%3A9&amp;dpr=0.5&amp;fit=crop&amp;w=750 375w,↵https://www.datocms-assets.com/205/image.png?ar=16%3A9&amp;dpr=0.75&amp;fit=crop&amp;w=750 562w,↵https://www.datocms-assets.com/205/image.png?ar=16%3A9&amp;dpr=1&amp;fit=crop&amp;w=750 750w,↵https://www.datocms-assets.com/205/image.png?ar=16%3A9&amp;dpr=1.5&amp;fit=crop&amp;w=750 1125w,↵https://www.datocms-assets.com/205/image.png?ar=16%3A9&amp;dpr=2&amp;fit=crop&amp;w=750 1500w,↵https://www.datocms-assets.com/205/image.png?ar=16%3A9&amp;dpr=3&amp;fit=crop&amp;w=750 2250w,↵https://www.datocms-assets.com/205/image.png?ar=16%3A9&amp;dpr=4&amp;fit=crop&amp;w=750 3000w" sizes="(max-width: 750px) 100vw, 750px" /><img src="https://www.datocms-assets.com/205/image.png?ar=16%3A9&amp;fit=crop&amp;w=750" alt="DatoCMS swag" title="These are awesome, we know that." style="position: absolute; left: 0px; top: 0px; width: 100%; height: 100%; " loading="lazy" />
    </picture>
  </noscript>
</div>
`;

exports[`Image visible passing class and/or style renders correctly 1`] = `
<div class="root-class-name" style="overflow: hidden; position: relative; width: 100%; max-width: 750px; border: 1px solid red;"><img class="img-class-name" style="display: block; width: 100%; border: 1px solid yellow;" src="data:image/svg+xml;base64,PHN2ZyB4bWxucz0iaHR0cDovL3d3dy53My5vcmcvMjAwMC9zdmciIHdpZHRoPSI3NTAiIGhlaWdodD0iNDIxIj48L3N2Zz4=" aria-hidden="true"><img aria-hidden="true" src="data:image/jpeg;base64,<IMAGEDATA>" class="placeholder-class-name" style="transition: opacity 500ms; opacity: 1; position: absolute; left: -5%; top: -5%; width: 110%; height: auto; max-width: none; max-height: none; border: 1px solid green;">
  <picture class="picture-class-name" style="border: 1px solid pink;">
    <!---->
    <source srcset="https://www.datocms-assets.com/205/image.png?ar=16%3A9&amp;fit=crop&amp;w=750&amp;dpr=0.25 187w,https://www.datocms-assets.com/205/image.png?ar=16%3A9&amp;fit=crop&amp;w=750&amp;dpr=0.5 375w,https://www.datocms-assets.com/205/image.png?ar=16%3A9&amp;fit=crop&amp;w=750&amp;dpr=0.75 562w,https://www.datocms-assets.com/205/image.png?ar=16%3A9&amp;fit=crop&amp;w=750 750w,https://www.datocms-assets.com/205/image.png?ar=16%3A9&amp;fit=crop&amp;w=750&amp;dpr=1.5 1125w,https://www.datocms-assets.com/205/image.png?ar=16%3A9&amp;fit=crop&amp;w=750&amp;dpr=2 1500w,https://www.datocms-assets.com/205/image.png?ar=16%3A9&amp;fit=crop&amp;w=750&amp;dpr=3 2250w,https://www.datocms-assets.com/205/image.png?ar=16%3A9&amp;fit=crop&amp;w=750&amp;dpr=4 3000w"><img src="https://www.datocms-assets.com/205/image.png?ar=16%3A9&amp;fit=crop&amp;w=750" class="img-class-name" style="opacity: 0; transition: opacity 500ms; position: absolute; left: 0px; top: 0px; width: 100%; height: 100%; border: 1px solid yellow;">
  </picture><noscript>
    <picture class="picture-class-name" style="border: 1px solid pink ; ">
      <source srcset="https://www.datocms-assets.com/205/image.png?ar=16%3A9&amp;fit=crop&amp;w=750&amp;dpr=0.25 187w,https://www.datocms-assets.com/205/image.png?ar=16%3A9&amp;fit=crop&amp;w=750&amp;dpr=0.5 375w,https://www.datocms-assets.com/205/image.png?ar=16%3A9&amp;fit=crop&amp;w=750&amp;dpr=0.75 562w,https://www.datocms-assets.com/205/image.png?ar=16%3A9&amp;fit=crop&amp;w=750 750w,https://www.datocms-assets.com/205/image.png?ar=16%3A9&amp;fit=crop&amp;w=750&amp;dpr=1.5 1125w,https://www.datocms-assets.com/205/image.png?ar=16%3A9&amp;fit=crop&amp;w=750&amp;dpr=2 1500w,https://www.datocms-assets.com/205/image.png?ar=16%3A9&amp;fit=crop&amp;w=750&amp;dpr=3 2250w,https://www.datocms-assets.com/205/image.png?ar=16%3A9&amp;fit=crop&amp;w=750&amp;dpr=4 3000w" /><img src="https://www.datocms-assets.com/205/image.png?ar=16%3A9&amp;fit=crop&amp;w=750" class="img-class-name" style="position: absolute; left: 0px; top: 0px; width: 100%; height: 100%; border: 1px solid yellow ; " loading="lazy" />
    </picture>
  </noscript>
</div>
`;

exports[`Image visible priority=true renders correctly 1`] = `
<div style="overflow: hidden; position: relative; width: 100%; max-width: 750px;"><img style="display: block; width: 100%;" src="data:image/svg+xml;base64,PHN2ZyB4bWxucz0iaHR0cDovL3d3dy53My5vcmcvMjAwMC9zdmciIHdpZHRoPSI3NTAiIGhlaWdodD0iNDIxIj48L3N2Zz4=" aria-hidden="true"><img aria-hidden="true" src="data:image/jpeg;base64,<IMAGEDATA>" style="transition: opacity 500ms; opacity: 0; position: absolute; left: -5%; top: -5%; width: 110%; height: auto; max-width: none; max-height: none;">
  <picture>
    <!---->
    <source srcset="https://www.datocms-assets.com/205/image.png?ar=16%3A9&amp;fit=crop&amp;w=750&amp;dpr=0.25 187w,https://www.datocms-assets.com/205/image.png?ar=16%3A9&amp;fit=crop&amp;w=750&amp;dpr=0.5 375w,https://www.datocms-assets.com/205/image.png?ar=16%3A9&amp;fit=crop&amp;w=750&amp;dpr=0.75 562w,https://www.datocms-assets.com/205/image.png?ar=16%3A9&amp;fit=crop&amp;w=750 750w,https://www.datocms-assets.com/205/image.png?ar=16%3A9&amp;fit=crop&amp;w=750&amp;dpr=1.5 1125w,https://www.datocms-assets.com/205/image.png?ar=16%3A9&amp;fit=crop&amp;w=750&amp;dpr=2 1500w,https://www.datocms-assets.com/205/image.png?ar=16%3A9&amp;fit=crop&amp;w=750&amp;dpr=3 2250w,https://www.datocms-assets.com/205/image.png?ar=16%3A9&amp;fit=crop&amp;w=750&amp;dpr=4 3000w"><img src="https://www.datocms-assets.com/205/image.png?ar=16%3A9&amp;fit=crop&amp;w=750" fetchpriority="high" style="opacity: 1; transition: opacity 500ms; position: absolute; left: 0px; top: 0px; width: 100%; height: 100%;">
  </picture><noscript>
    <picture>
      <source srcset="https://www.datocms-assets.com/205/image.png?ar=16%3A9&amp;fit=crop&amp;w=750&amp;dpr=0.25 187w,https://www.datocms-assets.com/205/image.png?ar=16%3A9&amp;fit=crop&amp;w=750&amp;dpr=0.5 375w,https://www.datocms-assets.com/205/image.png?ar=16%3A9&amp;fit=crop&amp;w=750&amp;dpr=0.75 562w,https://www.datocms-assets.com/205/image.png?ar=16%3A9&amp;fit=crop&amp;w=750 750w,https://www.datocms-assets.com/205/image.png?ar=16%3A9&amp;fit=crop&amp;w=750&amp;dpr=1.5 1125w,https://www.datocms-assets.com/205/image.png?ar=16%3A9&amp;fit=crop&amp;w=750&amp;dpr=2 1500w,https://www.datocms-assets.com/205/image.png?ar=16%3A9&amp;fit=crop&amp;w=750&amp;dpr=3 2250w,https://www.datocms-assets.com/205/image.png?ar=16%3A9&amp;fit=crop&amp;w=750&amp;dpr=4 3000w" /><img src="https://www.datocms-assets.com/205/image.png?ar=16%3A9&amp;fit=crop&amp;w=750" style="position: absolute; left: 0px; top: 0px; width: 100%; height: 100%; " fetchpriority="high" />
    </picture>
  </noscript>
</div>
`;

exports[`Image visible renders the image (minimal data) 1`] = `
<div style="overflow: hidden; position: relative; width: 100%; max-width: 750px;"><img style="display: block; width: 100%;" src="data:image/svg+xml;base64,PHN2ZyB4bWxucz0iaHR0cDovL3d3dy53My5vcmcvMjAwMC9zdmciIHdpZHRoPSI3NTAiIGhlaWdodD0iNDIxIj48L3N2Zz4=" aria-hidden="true"><img aria-hidden="true" src="data:image/jpeg;base64,<IMAGEDATA>" style="transition: opacity 500ms; opacity: 1; position: absolute; left: -5%; top: -5%; width: 110%; height: auto; max-width: none; max-height: none;">
  <picture>
    <!---->
    <source srcset="https://www.datocms-assets.com/205/image.png?ar=16%3A9&amp;fit=crop&amp;w=750&amp;dpr=0.25 187w,https://www.datocms-assets.com/205/image.png?ar=16%3A9&amp;fit=crop&amp;w=750&amp;dpr=0.5 375w,https://www.datocms-assets.com/205/image.png?ar=16%3A9&amp;fit=crop&amp;w=750&amp;dpr=0.75 562w,https://www.datocms-assets.com/205/image.png?ar=16%3A9&amp;fit=crop&amp;w=750 750w,https://www.datocms-assets.com/205/image.png?ar=16%3A9&amp;fit=crop&amp;w=750&amp;dpr=1.5 1125w,https://www.datocms-assets.com/205/image.png?ar=16%3A9&amp;fit=crop&amp;w=750&amp;dpr=2 1500w,https://www.datocms-assets.com/205/image.png?ar=16%3A9&amp;fit=crop&amp;w=750&amp;dpr=3 2250w,https://www.datocms-assets.com/205/image.png?ar=16%3A9&amp;fit=crop&amp;w=750&amp;dpr=4 3000w"><img src="https://www.datocms-assets.com/205/image.png?ar=16%3A9&amp;fit=crop&amp;w=750" style="opacity: 0; transition: opacity 500ms; position: absolute; left: 0px; top: 0px; width: 100%; height: 100%;">
  </picture><noscript>
    <picture>
      <source srcset="https://www.datocms-assets.com/205/image.png?ar=16%3A9&amp;fit=crop&amp;w=750&amp;dpr=0.25 187w,https://www.datocms-assets.com/205/image.png?ar=16%3A9&amp;fit=crop&amp;w=750&amp;dpr=0.5 375w,https://www.datocms-assets.com/205/image.png?ar=16%3A9&amp;fit=crop&amp;w=750&amp;dpr=0.75 562w,https://www.datocms-assets.com/205/image.png?ar=16%3A9&amp;fit=crop&amp;w=750 750w,https://www.datocms-assets.com/205/image.png?ar=16%3A9&amp;fit=crop&amp;w=750&amp;dpr=1.5 1125w,https://www.datocms-assets.com/205/image.png?ar=16%3A9&amp;fit=crop&amp;w=750&amp;dpr=2 1500w,https://www.datocms-assets.com/205/image.png?ar=16%3A9&amp;fit=crop&amp;w=750&amp;dpr=3 2250w,https://www.datocms-assets.com/205/image.png?ar=16%3A9&amp;fit=crop&amp;w=750&amp;dpr=4 3000w" /><img src="https://www.datocms-assets.com/205/image.png?ar=16%3A9&amp;fit=crop&amp;w=750" style="position: absolute; left: 0px; top: 0px; width: 100%; height: 100%; " loading="lazy" />
    </picture>
  </noscript>
</div>
`;

exports[`Image visible renders the image 1`] = `
<div style="overflow: hidden; position: relative; width: 100%; max-width: 750px;"><img style="display: block; width: 100%;" src="data:image/svg+xml;base64,PHN2ZyB4bWxucz0iaHR0cDovL3d3dy53My5vcmcvMjAwMC9zdmciIHdpZHRoPSI3NTAiIGhlaWdodD0iNDIxIj48L3N2Zz4=" aria-hidden="true"><img aria-hidden="true" src="data:image/jpeg;base64,<IMAGEDATA>" style="transition: opacity 500ms; opacity: 1; position: absolute; left: -5%; top: -5%; width: 110%; height: auto; max-width: none; max-height: none;">
  <picture>
    <!---->
    <source srcset="https://www.datocms-assets.com/205/image.png?ar=16%3A9&amp;dpr=0.25&amp;fit=crop&amp;w=750 187w,↵https://www.datocms-assets.com/205/image.png?ar=16%3A9&amp;dpr=0.5&amp;fit=crop&amp;w=750 375w,↵https://www.datocms-assets.com/205/image.png?ar=16%3A9&amp;dpr=0.75&amp;fit=crop&amp;w=750 562w,↵https://www.datocms-assets.com/205/image.png?ar=16%3A9&amp;dpr=1&amp;fit=crop&amp;w=750 750w,↵https://www.datocms-assets.com/205/image.png?ar=16%3A9&amp;dpr=1.5&amp;fit=crop&amp;w=750 1125w,↵https://www.datocms-assets.com/205/image.png?ar=16%3A9&amp;dpr=2&amp;fit=crop&amp;w=750 1500w,↵https://www.datocms-assets.com/205/image.png?ar=16%3A9&amp;dpr=3&amp;fit=crop&amp;w=750 2250w,↵https://www.datocms-assets.com/205/image.png?ar=16%3A9&amp;dpr=4&amp;fit=crop&amp;w=750 3000w" sizes="(max-width: 750px) 100vw, 750px"><img src="https://www.datocms-assets.com/205/image.png?ar=16%3A9&amp;fit=crop&amp;w=750" alt="DatoCMS swag" title="These are awesome, we know that." style="opacity: 0; transition: opacity 500ms; position: absolute; left: 0px; top: 0px; width: 100%; height: 100%;">
  </picture><noscript>
    <picture>
      <source srcset="https://www.datocms-assets.com/205/image.png?ar=16%3A9&amp;dpr=0.25&amp;fit=crop&amp;w=750 187w,↵https://www.datocms-assets.com/205/image.png?ar=16%3A9&amp;dpr=0.5&amp;fit=crop&amp;w=750 375w,↵https://www.datocms-assets.com/205/image.png?ar=16%3A9&amp;dpr=0.75&amp;fit=crop&amp;w=750 562w,↵https://www.datocms-assets.com/205/image.png?ar=16%3A9&amp;dpr=1&amp;fit=crop&amp;w=750 750w,↵https://www.datocms-assets.com/205/image.png?ar=16%3A9&amp;dpr=1.5&amp;fit=crop&amp;w=750 1125w,↵https://www.datocms-assets.com/205/image.png?ar=16%3A9&amp;dpr=2&amp;fit=crop&amp;w=750 1500w,↵https://www.datocms-assets.com/205/image.png?ar=16%3A9&amp;dpr=3&amp;fit=crop&amp;w=750 2250w,↵https://www.datocms-assets.com/205/image.png?ar=16%3A9&amp;dpr=4&amp;fit=crop&amp;w=750 3000w" sizes="(max-width: 750px) 100vw, 750px" /><img src="https://www.datocms-assets.com/205/image.png?ar=16%3A9&amp;fit=crop&amp;w=750" alt="DatoCMS swag" title="These are awesome, we know that." style="position: absolute; left: 0px; top: 0px; width: 100%; height: 100%; " loading="lazy" />
    </picture>
  </noscript>
</div>
`;

exports[`Image visible usePlaceholder=false renders correctly 1`] = `
<div style="overflow: hidden; position: relative; width: 100%; max-width: 750px;"><img style="display: block; width: 100%;" src="data:image/svg+xml;base64,PHN2ZyB4bWxucz0iaHR0cDovL3d3dy53My5vcmcvMjAwMC9zdmciIHdpZHRoPSI3NTAiIGhlaWdodD0iNDIxIj48L3N2Zz4=" aria-hidden="true">
  <!---->
  <picture>
    <!---->
    <source srcset="https://www.datocms-assets.com/205/image.png?ar=16%3A9&amp;fit=crop&amp;w=750&amp;dpr=0.25 187w,https://www.datocms-assets.com/205/image.png?ar=16%3A9&amp;fit=crop&amp;w=750&amp;dpr=0.5 375w,https://www.datocms-assets.com/205/image.png?ar=16%3A9&amp;fit=crop&amp;w=750&amp;dpr=0.75 562w,https://www.datocms-assets.com/205/image.png?ar=16%3A9&amp;fit=crop&amp;w=750 750w,https://www.datocms-assets.com/205/image.png?ar=16%3A9&amp;fit=crop&amp;w=750&amp;dpr=1.5 1125w,https://www.datocms-assets.com/205/image.png?ar=16%3A9&amp;fit=crop&amp;w=750&amp;dpr=2 1500w,https://www.datocms-assets.com/205/image.png?ar=16%3A9&amp;fit=crop&amp;w=750&amp;dpr=3 2250w,https://www.datocms-assets.com/205/image.png?ar=16%3A9&amp;fit=crop&amp;w=750&amp;dpr=4 3000w"><img src="https://www.datocms-assets.com/205/image.png?ar=16%3A9&amp;fit=crop&amp;w=750" style="opacity: 0; transition: opacity 500ms; position: absolute; left: 0px; top: 0px; width: 100%; height: 100%;">
  </picture><noscript>
    <picture>
      <source srcset="https://www.datocms-assets.com/205/image.png?ar=16%3A9&amp;fit=crop&amp;w=750&amp;dpr=0.25 187w,https://www.datocms-assets.com/205/image.png?ar=16%3A9&amp;fit=crop&amp;w=750&amp;dpr=0.5 375w,https://www.datocms-assets.com/205/image.png?ar=16%3A9&amp;fit=crop&amp;w=750&amp;dpr=0.75 562w,https://www.datocms-assets.com/205/image.png?ar=16%3A9&amp;fit=crop&amp;w=750 750w,https://www.datocms-assets.com/205/image.png?ar=16%3A9&amp;fit=crop&amp;w=750&amp;dpr=1.5 1125w,https://www.datocms-assets.com/205/image.png?ar=16%3A9&amp;fit=crop&amp;w=750&amp;dpr=2 1500w,https://www.datocms-assets.com/205/image.png?ar=16%3A9&amp;fit=crop&amp;w=750&amp;dpr=3 2250w,https://www.datocms-assets.com/205/image.png?ar=16%3A9&amp;fit=crop&amp;w=750&amp;dpr=4 3000w" /><img src="https://www.datocms-assets.com/205/image.png?ar=16%3A9&amp;fit=crop&amp;w=750" style="position: absolute; left: 0px; top: 0px; width: 100%; height: 100%; " loading="lazy" />
    </picture>
  </noscript>
</div>
`;
